AR add32bit_unit behavioral C:/Users/George/Desktop/Lab2/Add32bit_Unit.vhd sub00/vhpl29 1427560640
AR zero behavioral C:/Users/George/Desktop/Lab2/Zero.vhd sub00/vhpl75 1427300216
AR register_file behavioral C:/Users/George/Desktop/Lab2/Register_File.vhd sub00/vhpl17 1427813071
AR imm16_to_32 behavioral C:/Users/George/Desktop/Lab2/Imm16_to_32.vhd sub00/vhpl15 1427813069
EN sra_unit NULL C:/Users/George/Desktop/Lab2/Sra_Unit.vhd sub00/vhpl36 1427560649
AR sl_unit behavioral C:/Users/George/Desktop/Lab2/Sl_Unit.vhd sub00/vhpl41 1427560654
EN mux2to1 NULL C:/Users/George/Desktop/Lab2/Mux2to1.vhd sub00/vhpl10 1427813062
EN sub32_unit NULL C:/Users/George/Desktop/Lab2/Sub32_Unit.vhd sub00/vhpl30 1427560641
EN sr_unit NULL C:/Users/George/Desktop/Lab2/Sr_Unit.vhd sub00/vhpl38 1427560651
AR adderpc4_imm behavioral C:/Users/George/Desktop/Lab2/AdderPC4_Imm.vhd sub00/vhpl69 1427560672
AR compare_module behavioral C:/Users/George/Desktop/Lab2/Compare_Module.vhd sub00/vhpl09 1427813061
EN add4bit_unit NULL C:/Users/George/Desktop/Lab2/Add4bit_Unit.vhd sub00/vhpl26 1427560625
EN rr_unit NULL C:/Users/George/Desktop/Lab2/Rr_Unit.vhd sub00/vhpl44 1427560657
AR alu_unit behavioral C:/Users/George/Desktop/Lab2/Alu_Unit.vhd sub00/vhpl51 1427560664
EN yolo NULL C:/Users/George/Desktop/Lab2/YOLO.vhd sub00/vhpl80 1427560699
EN alustage NULL C:/Users/George/Desktop/Lab2/ALUSTAGE.vhd sub00/vhpl56 1427560685
EN and32_unit NULL C:/Users/George/Desktop/Lab2/And32_Unit.vhd sub00/vhpl64 1427560643
EN adderpc4 NULL C:/Users/George/Desktop/Lab2/AdderPC4.vhd sub00/vhpl66 1427560669
AR not_unit behavioral C:/Users/George/Desktop/Lab2/Not_Unit.vhd sub00/vhpl35 1427560648
EN zero_unit NULL C:/Users/George/Desktop/Lab2/Zero_Unit.vhd sub00/vhpl52 1427560665
EN sum_unit NULL C:/Users/George/Desktop/Lab2/Sum_Unit.vhd sub00/vhpl24 1427560623
AR decstage behavioral C:/Users/George/Desktop/Lab2/DECSTAGE.vhd sub00/vhpl19 1427813073
AR carry_unit behavioral C:/Users/George/Desktop/Lab2/Carry_Unit.vhd sub00/vhpl23 1427560622
EN compare_module NULL C:/Users/George/Desktop/Lab2/Compare_Module.vhd sub00/vhpl08 1427813060
AR mux2to1 behavioral C:/Users/George/Desktop/Lab2/Mux2to1.vhd sub00/vhpl11 1427813063
AR sub32_unit behavioral C:/Users/George/Desktop/Lab2/Sub32_Unit.vhd sub00/vhpl31 1427560642
EN or_unit NULL C:/Users/George/Desktop/Lab2/Or_Unit.vhd sub00/vhpl32 1427560645
EN mux32to1 NULL C:/Users/George/Desktop/Lab2/Mux32to1.vhd sub00/vhpl06 1427813058
EN datapath NULL C:/Users/George/Desktop/Lab2/DATAPATH.vhd sub00/vhpl76 1427560695
EN if_mem NULL C:/Users/George/Desktop/Lab2/IF_MEM.vhd sub00/vhpl70 1427560673
AR rr_unit behavioral C:/Users/George/Desktop/Lab2/Rr_Unit.vhd sub00/vhpl45 1427560658
AR yolo behavioral C:/Users/George/Desktop/Lab2/YOLO.vhd sub00/vhpl81 1427560700
EN imm16_to_32 NULL C:/Users/George/Desktop/Lab2/Imm16_to_32.vhd sub00/vhpl14 1427813068
AR and_unit behavioral C:/Users/George/Desktop/Lab2/And_Unit.vhd sub00/vhpl03 1427813055
AR ifstage behavioral C:/Users/George/Desktop/Lab2/IFSTAGE.vhd sub00/vhpl73 1427560690
EN decstage NULL C:/Users/George/Desktop/Lab2/DECSTAGE.vhd sub00/vhpl18 1427813072
AR zero_unit behavioral C:/Users/George/Desktop/Lab2/Zero_Unit.vhd sub00/vhpl53 1427560666
EN carry_unit NULL C:/Users/George/Desktop/Lab2/Carry_Unit.vhd sub00/vhpl22 1427560621
EN adderpc4_imm NULL C:/Users/George/Desktop/Lab2/AdderPC4_Imm.vhd sub00/vhpl68 1427560671
EN memstage NULL C:/Users/George/Desktop/Lab2/MEMSTAGE.vhd sub00/vhpl60 1427560691
AR generate_propagate_unit behavioral C:/Users/George/Desktop/Lab2/Generate_Propagate_Unit.vhd sub00/vhpl21 1427560620
EN data_mem NULL C:/Users/George/Desktop/Lab2/Data_MEM.vhd sub00/vhpl58 1427560667
AR dec5to32 behavioral C:/Users/George/Desktop/Lab2/Dec5to32.vhd sub00/vhpl01 1427813053
EN register32bit NULL C:/Users/George/Desktop/Lab2/Register32bit.vhd sub00/vhpl04 1427813056
AR register32bit behavioral C:/Users/George/Desktop/Lab2/Register32bit.vhd sub00/vhpl05 1427813057
AR or_unit behavioral C:/Users/George/Desktop/Lab2/Or_Unit.vhd sub00/vhpl33 1427560646
EN and_unit NULL C:/Users/George/Desktop/Lab2/And_Unit.vhd sub00/vhpl02 1427813054
EN ifstage NULL C:/Users/George/Desktop/Lab2/IFSTAGE.vhd sub00/vhpl72 1427560689
AR overflow_unit behavioral C:/Users/George/Desktop/Lab2/Overflow_Unit.vhd sub00/vhpl49 1427560662
AR mux3to1 behavioral C:/Users/George/Desktop/Lab2/Mux3to1.vhd sub00/vhpl63 1427813065
EN register_file NULL C:/Users/George/Desktop/Lab2/Register_File.vhd sub00/vhpl16 1427813070
AR and32_unit behavioral C:/Users/George/Desktop/Lab2/And32_Unit.vhd sub00/vhpl65 1427560644
AR sr_unit behavioral C:/Users/George/Desktop/Lab2/Sr_Unit.vhd sub00/vhpl39 1427560652
EN alu_top NULL C:/Users/George/Desktop/Lab2/Alu_Top.vhd sub00/vhpl54 1427560683
EN generate_propagate_unit NULL C:/Users/George/Desktop/Lab2/Generate_Propagate_Unit.vhd sub00/vhpl20 1427560619
EN add32bit_unit NULL C:/Users/George/Desktop/Lab2/Add32bit_Unit.vhd sub00/vhpl28 1427560639
EN zero NULL C:/Users/George/Desktop/Lab2/Zero.vhd sub00/vhpl74 1427300482
AR alustage behavioral C:/Users/George/Desktop/Lab2/ALUSTAGE.vhd sub00/vhpl57 1427560686
EN overflow_unit NULL C:/Users/George/Desktop/Lab2/Overflow_Unit.vhd sub00/vhpl48 1427560661
EN mux3to1 NULL C:/Users/George/Desktop/Lab2/Mux3to1.vhd sub00/vhpl62 1427813064
AR mux2to1_5bit behavioral C:/Users/George/Desktop/Lab2/Mux2to1_5bit.vhd sub00/vhpl13 1427813067
EN control NULL C:/Users/George/Desktop/Lab2/CONTROL.vhd sub00/vhpl78 1427883699
AR sum_unit behavioral C:/Users/George/Desktop/Lab2/Sum_Unit.vhd sub00/vhpl25 1427560624
AR rl_unit behavioral C:/Users/George/Desktop/Lab2/Rl_Unit.vhd sub00/vhpl43 1427560656
EN cout_unit NULL C:/Users/George/Desktop/Lab2/Cout_Unit.vhd sub00/vhpl46 1427560659
EN dec5to32 NULL C:/Users/George/Desktop/Lab2/Dec5to32.vhd sub00/vhpl00 1427813052
AR alu_top behavioral C:/Users/George/Desktop/Lab2/Alu_Top.vhd sub00/vhpl55 1427560684
EN not_unit NULL C:/Users/George/Desktop/Lab2/Not_Unit.vhd sub00/vhpl34 1427560647
EN alu_unit NULL C:/Users/George/Desktop/Lab2/Alu_Unit.vhd sub00/vhpl50 1427560663
AR data_mem syn C:/Users/George/Desktop/Lab2/Data_MEM.vhd sub00/vhpl59 1427560668
AR control behavioral C:/Users/George/Desktop/Lab2/CONTROL.vhd sub00/vhpl79 1427883700
EN zerofill NULL C:/Users/George/Desktop/Lab2/Zero.vhd sub00/vhpl82 1427560693
AR memstage behavioral C:/Users/George/Desktop/Lab2/MEMSTAGE.vhd sub00/vhpl61 1427560692
AR mux32to1 behavioral C:/Users/George/Desktop/Lab2/Mux32to1.vhd sub00/vhpl07 1427813059
AR datapath behavioral C:/Users/George/Desktop/Lab2/DATAPATH.vhd sub00/vhpl77 1427560696
EN mux2to1_5bit NULL C:/Users/George/Desktop/Lab2/Mux2to1_5bit.vhd sub00/vhpl12 1427813066
AR add4bit_unit behavioral C:/Users/George/Desktop/Lab2/Add4bit_Unit.vhd sub00/vhpl27 1427560626
AR sra_unit behavioral C:/Users/George/Desktop/Lab2/Sra_Unit.vhd sub00/vhpl37 1427560650
EN sl_unit NULL C:/Users/George/Desktop/Lab2/Sl_Unit.vhd sub00/vhpl40 1427560653
AR adderpc4 behavioral C:/Users/George/Desktop/Lab2/AdderPC4.vhd sub00/vhpl67 1427560670
EN rl_unit NULL C:/Users/George/Desktop/Lab2/Rl_Unit.vhd sub00/vhpl42 1427560655
AR zerofill behavioral C:/Users/George/Desktop/Lab2/Zero.vhd sub00/vhpl83 1427560694
AR cout_unit behavioral C:/Users/George/Desktop/Lab2/Cout_Unit.vhd sub00/vhpl47 1427560660
AR if_mem syn C:/Users/George/Desktop/Lab2/IF_MEM.vhd sub00/vhpl71 1427560674
