AR add32bit_unit behavioral C:/Users/George/Desktop/Lab2/Add32bit_Unit.vhd sub00/vhpl29 1430233254
AR zero behavioral C:/Users/George/Desktop/Lab2/Zero.vhd sub00/vhpl75 1427300216
AR register_file behavioral C:/Users/George/Desktop/Lab2/Register_File.vhd sub00/vhpl17 1430233296
AR zero7to32 behavioral C:/Users/George/Desktop/Lab2/Zero7to32.vhd sub00/vhpl93 1430233312
AR imm16_to_32 behavioral C:/Users/George/Desktop/Lab2/Imm16_to_32.vhd sub00/vhpl15 1430233294
EN sra_unit NULL C:/Users/George/Desktop/Lab2/Sra_Unit.vhd sub00/vhpl36 1430233263
AR sl_unit behavioral C:/Users/George/Desktop/Lab2/Sl_Unit.vhd sub00/vhpl41 1430233268
EN mux2to1 NULL C:/Users/George/Desktop/Lab2/Mux2to1.vhd sub00/vhpl10 1430233251
EN sub32_unit NULL C:/Users/George/Desktop/Lab2/Sub32_Unit.vhd sub00/vhpl30 1430233255
EN sr_unit NULL C:/Users/George/Desktop/Lab2/Sr_Unit.vhd sub00/vhpl38 1430233265
AR adderpc4_imm behavioral C:/Users/George/Desktop/Lab2/AdderPC4_Imm.vhd sub00/vhpl69 1430233286
AR compare_module behavioral C:/Users/George/Desktop/Lab2/Compare_Module.vhd sub00/vhpl09 1430233250
EN add4bit_unit NULL C:/Users/George/Desktop/Lab2/Add4bit_Unit.vhd sub00/vhpl26 1430233239
EN rr_unit NULL C:/Users/George/Desktop/Lab2/Rr_Unit.vhd sub00/vhpl44 1430233271
AR alu_unit behavioral C:/Users/George/Desktop/Lab2/Alu_Unit.vhd sub00/vhpl51 1430233278
EN yolo NULL C:/Users/George/Desktop/Lab2/YOLO.vhd sub00/vhpl80 1430129919
EN alustage NULL C:/Users/George/Desktop/Lab2/ALUSTAGE.vhd sub00/vhpl56 1430233299
EN and32_unit NULL C:/Users/George/Desktop/Lab2/And32_Unit.vhd sub00/vhpl64 1430233257
EN adderpc4 NULL C:/Users/George/Desktop/Lab2/AdderPC4.vhd sub00/vhpl66 1430233283
AR not_unit behavioral C:/Users/George/Desktop/Lab2/Not_Unit.vhd sub00/vhpl35 1430233262
EN zero_unit NULL C:/Users/George/Desktop/Lab2/Zero_Unit.vhd sub00/vhpl52 1430233279
AR cmov_unit behavioral C:/Users/George/Desktop/Lab2/cmov_Mod.vhd sub00/vhpl87 1429270743
EN sum_unit NULL C:/Users/George/Desktop/Lab2/Sum_Unit.vhd sub00/vhpl24 1430233237
AR decstage behavioral C:/Users/George/Desktop/Lab2/DECSTAGE.vhd sub00/vhpl19 1430233302
AR carry_unit behavioral C:/Users/George/Desktop/Lab2/Carry_Unit.vhd sub00/vhpl23 1430233236
EN concatenate NULL C:/Users/George/Desktop/Lab2/Concatenate.vhd sub00/vhpl96 1430233315
EN compare_module NULL C:/Users/George/Desktop/Lab2/Compare_Module.vhd sub00/vhpl08 1430233249
AR mux2to1 behavioral C:/Users/George/Desktop/Lab2/Mux2to1.vhd sub00/vhpl11 1430233252
AR sub32_unit behavioral C:/Users/George/Desktop/Lab2/Sub32_Unit.vhd sub00/vhpl31 1430233256
EN or_unit NULL C:/Users/George/Desktop/Lab2/Or_Unit.vhd sub00/vhpl32 1430233259
EN mem_dt_in_ext NULL C:/Users/George/Desktop/Lab2/mem_dt_in_ext.vhd sub00/vhpl98 1430233317
EN mux32to1 NULL C:/Users/George/Desktop/Lab2/Mux32to1.vhd sub00/vhpl06 1430233247
EN datapath NULL C:/Users/George/Desktop/Lab2/DATAPATH.vhd sub00/vhpl76 1430233319
EN if_mem NULL C:/Users/George/Desktop/Lab2/IF_MEM.vhd sub00/vhpl70 1430233287
EN register8bit NULL C:/Users/George/Desktop/Lab2/Register8bit.vhd sub00/vhpl94 1430233313
AR rr_unit behavioral C:/Users/George/Desktop/Lab2/Rr_Unit.vhd sub00/vhpl45 1430233272
AR yolo behavioral C:/Users/George/Desktop/Lab2/YOLO.vhd sub00/vhpl81 1430129920
EN imm16_to_32 NULL C:/Users/George/Desktop/Lab2/Imm16_to_32.vhd sub00/vhpl14 1430233293
AR and_unit behavioral C:/Users/George/Desktop/Lab2/And_Unit.vhd sub00/vhpl03 1430233244
AR ifstage behavioral C:/Users/George/Desktop/Lab2/IFSTAGE.vhd sub00/vhpl73 1430233304
EN mux4to1 NULL C:/Users/George/Desktop/Lab2/Mux4to1.vhd sub00/vhpl90 1430233309
EN decstage NULL C:/Users/George/Desktop/Lab2/DECSTAGE.vhd sub00/vhpl18 1430233301
AR zero_unit behavioral C:/Users/George/Desktop/Lab2/Zero_Unit.vhd sub00/vhpl53 1430233280
EN carry_unit NULL C:/Users/George/Desktop/Lab2/Carry_Unit.vhd sub00/vhpl22 1430233235
EN adderpc4_imm NULL C:/Users/George/Desktop/Lab2/AdderPC4_Imm.vhd sub00/vhpl68 1430233285
EN zero7to32 NULL C:/Users/George/Desktop/Lab2/Zero7to32.vhd sub00/vhpl92 1430233311
EN cmov_mod NULL C:/Users/George/Desktop/Lab2/cmov_Mod.vhd sub00/vhpl84 1429270367
EN memstage NULL C:/Users/George/Desktop/Lab2/MEMSTAGE.vhd sub00/vhpl60 1430233305
AR cmov_mod behavioral C:/Users/George/Desktop/Lab2/cmov_Mod.vhd sub00/vhpl85 1429270368
AR generate_propagate_unit behavioral C:/Users/George/Desktop/Lab2/Generate_Propagate_Unit.vhd sub00/vhpl21 1430233234
EN data_mem NULL C:/Users/George/Desktop/Lab2/Data_MEM.vhd sub00/vhpl58 1430233281
AR dec5to32 behavioral C:/Users/George/Desktop/Lab2/Dec5to32.vhd sub00/vhpl01 1430233242
EN register32bit NULL C:/Users/George/Desktop/Lab2/Register32bit.vhd sub00/vhpl04 1430233245
AR register32bit behavioral C:/Users/George/Desktop/Lab2/Register32bit.vhd sub00/vhpl05 1430233246
AR or_unit behavioral C:/Users/George/Desktop/Lab2/Or_Unit.vhd sub00/vhpl33 1430233260
AR mem_dt_in_ext behavioral C:/Users/George/Desktop/Lab2/mem_dt_in_ext.vhd sub00/vhpl99 1430233318
EN and_unit NULL C:/Users/George/Desktop/Lab2/And_Unit.vhd sub00/vhpl02 1430233243
EN ifstage NULL C:/Users/George/Desktop/Lab2/IFSTAGE.vhd sub00/vhpl72 1430233303
AR overflow_unit behavioral C:/Users/George/Desktop/Lab2/Overflow_Unit.vhd sub00/vhpl49 1430233276
AR mux3to1 behavioral C:/Users/George/Desktop/Lab2/Mux3to1.vhd sub00/vhpl63 1429874444
EN register_file NULL C:/Users/George/Desktop/Lab2/Register_File.vhd sub00/vhpl16 1430233295
AR and32_unit behavioral C:/Users/George/Desktop/Lab2/And32_Unit.vhd sub00/vhpl65 1430233258
AR sr_unit behavioral C:/Users/George/Desktop/Lab2/Sr_Unit.vhd sub00/vhpl39 1430233266
EN alu_top NULL C:/Users/George/Desktop/Lab2/Alu_Top.vhd sub00/vhpl54 1430233297
EN generate_propagate_unit NULL C:/Users/George/Desktop/Lab2/Generate_Propagate_Unit.vhd sub00/vhpl20 1430233233
EN add32bit_unit NULL C:/Users/George/Desktop/Lab2/Add32bit_Unit.vhd sub00/vhpl28 1430233253
EN zero NULL C:/Users/George/Desktop/Lab2/Zero.vhd sub00/vhpl74 1427300482
AR concatenate behavioral C:/Users/George/Desktop/Lab2/Concatenate.vhd sub00/vhpl97 1430233316
AR alustage behavioral C:/Users/George/Desktop/Lab2/ALUSTAGE.vhd sub00/vhpl57 1430233300
EN overflow_unit NULL C:/Users/George/Desktop/Lab2/Overflow_Unit.vhd sub00/vhpl48 1430233275
EN mux3to1 NULL C:/Users/George/Desktop/Lab2/Mux3to1.vhd sub00/vhpl62 1429874443
AR mux2to1_5bit behavioral C:/Users/George/Desktop/Lab2/Mux2to1_5bit.vhd sub00/vhpl13 1430233292
EN control NULL C:/Users/George/Desktop/Lab2/CONTROL.vhd sub00/vhpl78 1430129917
AR sum_unit behavioral C:/Users/George/Desktop/Lab2/Sum_Unit.vhd sub00/vhpl25 1430233238
AR rl_unit behavioral C:/Users/George/Desktop/Lab2/Rl_Unit.vhd sub00/vhpl43 1430233270
EN cout_unit NULL C:/Users/George/Desktop/Lab2/Cout_Unit.vhd sub00/vhpl46 1430233273
EN dec5to32 NULL C:/Users/George/Desktop/Lab2/Dec5to32.vhd sub00/vhpl00 1430233241
AR alu_top behavioral C:/Users/George/Desktop/Lab2/Alu_Top.vhd sub00/vhpl55 1430233298
AR mux4to1 behavioral C:/Users/George/Desktop/Lab2/Mux4to1.vhd sub00/vhpl91 1430233310
AR register8bit behavioral C:/Users/George/Desktop/Lab2/Register8bit.vhd sub00/vhpl95 1430233314
EN not_unit NULL C:/Users/George/Desktop/Lab2/Not_Unit.vhd sub00/vhpl34 1430233261
EN cmov_unit NULL C:/Users/George/Desktop/Lab2/cmov_Mod.vhd sub00/vhpl86 1429270742
EN alu_unit NULL C:/Users/George/Desktop/Lab2/Alu_Unit.vhd sub00/vhpl50 1430233277
AR data_mem syn C:/Users/George/Desktop/Lab2/Data_MEM.vhd sub00/vhpl59 1430233282
AR control behavioral C:/Users/George/Desktop/Lab2/CONTROL.vhd sub00/vhpl79 1430129918
EN zerofill NULL C:/Users/George/Desktop/Lab2/Zero.vhd sub00/vhpl82 1430233307
AR memstage behavioral C:/Users/George/Desktop/Lab2/MEMSTAGE.vhd sub00/vhpl61 1430233306
AR mux32to1 behavioral C:/Users/George/Desktop/Lab2/Mux32to1.vhd sub00/vhpl07 1430233248
AR datapath behavioral C:/Users/George/Desktop/Lab2/DATAPATH.vhd sub00/vhpl77 1430233320
EN mux2to1_5bit NULL C:/Users/George/Desktop/Lab2/Mux2to1_5bit.vhd sub00/vhpl12 1430233291
AR add4bit_unit behavioral C:/Users/George/Desktop/Lab2/Add4bit_Unit.vhd sub00/vhpl27 1430233240
AR sra_unit behavioral C:/Users/George/Desktop/Lab2/Sra_Unit.vhd sub00/vhpl37 1430233264
EN sl_unit NULL C:/Users/George/Desktop/Lab2/Sl_Unit.vhd sub00/vhpl40 1430233267
EN mux8to1 NULL C:/Users/George/Desktop/Lab2/Mux3to1.vhd sub00/vhpl88 1430233289
AR adderpc4 behavioral C:/Users/George/Desktop/Lab2/AdderPC4.vhd sub00/vhpl67 1430233284
EN rl_unit NULL C:/Users/George/Desktop/Lab2/Rl_Unit.vhd sub00/vhpl42 1430233269
AR mux8to1 behavioral C:/Users/George/Desktop/Lab2/Mux3to1.vhd sub00/vhpl89 1430233290
AR zerofill behavioral C:/Users/George/Desktop/Lab2/Zero.vhd sub00/vhpl83 1430233308
AR cout_unit behavioral C:/Users/George/Desktop/Lab2/Cout_Unit.vhd sub00/vhpl47 1430233274
AR if_mem syn C:/Users/George/Desktop/Lab2/IF_MEM.vhd sub00/vhpl71 1430233288
