AR add32bit_unit behavioral C:/Users/George/Desktop/Lab2/Add32bit_Unit.vhd sub00/vhpl29 1431873995
AR zero behavioral C:/Users/George/Desktop/Lab2/Zero.vhd sub00/vhpl75 1427300216
AR register_file behavioral C:/Users/George/Desktop/Lab2/Register_File.vhd sub00/vhpl17 1431874037
AR imm16_to_32 behavioral C:/Users/George/Desktop/Lab2/Imm16_to_32.vhd sub00/vhpl15 1431874035
EN sra_unit NULL C:/Users/George/Desktop/Lab2/Sra_Unit.vhd sub00/vhpl36 1431874004
AR pipe_control behavioral C:/Users/George/Desktop/Lab2/pipe_control.vhd sub00/vhpl85 1431874051
AR sl_unit behavioral C:/Users/George/Desktop/Lab2/Sl_Unit.vhd sub00/vhpl41 1431874009
EN mux2to1 NULL C:/Users/George/Desktop/Lab2/Mux2to1.vhd sub00/vhpl10 1431873992
EN sub32_unit NULL C:/Users/George/Desktop/Lab2/Sub32_Unit.vhd sub00/vhpl30 1431873996
EN sr_unit NULL C:/Users/George/Desktop/Lab2/Sr_Unit.vhd sub00/vhpl38 1431874006
AR adderpc4_imm behavioral C:/Users/George/Desktop/Lab2/AdderPC4_Imm.vhd sub00/vhpl69 1431874027
EN pipe_control NULL C:/Users/George/Desktop/Lab2/pipe_control.vhd sub00/vhpl84 1431874050
AR register2bit behavioral C:/Users/George/Desktop/Lab2/register2bit.vhd sub00/vhpl87 1431874055
AR compare_module behavioral C:/Users/George/Desktop/Lab2/Compare_Module.vhd sub00/vhpl09 1431873991
EN add4bit_unit NULL C:/Users/George/Desktop/Lab2/Add4bit_Unit.vhd sub00/vhpl26 1431873980
EN rr_unit NULL C:/Users/George/Desktop/Lab2/Rr_Unit.vhd sub00/vhpl44 1431874012
AR alu_unit behavioral C:/Users/George/Desktop/Lab2/Alu_Unit.vhd sub00/vhpl51 1431874019
EN yolo NULL C:/Users/George/Desktop/Lab2/YOLO.vhd sub00/vhpl80 1427560699
EN alustage NULL C:/Users/George/Desktop/Lab2/ALUSTAGE.vhd sub00/vhpl56 1431874040
EN and32_unit NULL C:/Users/George/Desktop/Lab2/And32_Unit.vhd sub00/vhpl64 1431873998
EN adderpc4 NULL C:/Users/George/Desktop/Lab2/AdderPC4.vhd sub00/vhpl66 1431874024
AR not_unit behavioral C:/Users/George/Desktop/Lab2/Not_Unit.vhd sub00/vhpl35 1431874003
EN zero_unit NULL C:/Users/George/Desktop/Lab2/Zero_Unit.vhd sub00/vhpl52 1431874020
EN sum_unit NULL C:/Users/George/Desktop/Lab2/Sum_Unit.vhd sub00/vhpl24 1431873978
AR decstage behavioral C:/Users/George/Desktop/Lab2/DECSTAGE.vhd sub00/vhpl19 1431874043
AR carry_unit behavioral C:/Users/George/Desktop/Lab2/Carry_Unit.vhd sub00/vhpl23 1431873977
EN compare_module NULL C:/Users/George/Desktop/Lab2/Compare_Module.vhd sub00/vhpl08 1431873990
AR mux2to1 behavioral C:/Users/George/Desktop/Lab2/Mux2to1.vhd sub00/vhpl11 1431873993
AR sub32_unit behavioral C:/Users/George/Desktop/Lab2/Sub32_Unit.vhd sub00/vhpl31 1431873997
EN or_unit NULL C:/Users/George/Desktop/Lab2/Or_Unit.vhd sub00/vhpl32 1431874000
EN mux32to1 NULL C:/Users/George/Desktop/Lab2/Mux32to1.vhd sub00/vhpl06 1431873988
EN datapath NULL C:/Users/George/Desktop/Lab2/DATAPATH.vhd sub00/vhpl76 1431874062
EN if_mem NULL C:/Users/George/Desktop/Lab2/IF_MEM.vhd sub00/vhpl70 1431874028
AR rr_unit behavioral C:/Users/George/Desktop/Lab2/Rr_Unit.vhd sub00/vhpl45 1431874013
AR yolo behavioral C:/Users/George/Desktop/Lab2/YOLO.vhd sub00/vhpl81 1427560700
EN imm16_to_32 NULL C:/Users/George/Desktop/Lab2/Imm16_to_32.vhd sub00/vhpl14 1431874034
EN register5bit NULL C:/Users/George/Desktop/Lab2/register5bit.vhd sub00/vhpl90 1431874058
EN forward NULL C:/Users/George/Desktop/Lab2/forward.vhd sub00/vhpl94 1431874060
AR and_unit behavioral C:/Users/George/Desktop/Lab2/And_Unit.vhd sub00/vhpl03 1431873985
AR ifstage behavioral C:/Users/George/Desktop/Lab2/IFSTAGE.vhd sub00/vhpl73 1431874045
EN decstage NULL C:/Users/George/Desktop/Lab2/DECSTAGE.vhd sub00/vhpl18 1431874042
AR zero_unit behavioral C:/Users/George/Desktop/Lab2/Zero_Unit.vhd sub00/vhpl53 1431874021
EN carry_unit NULL C:/Users/George/Desktop/Lab2/Carry_Unit.vhd sub00/vhpl22 1431873976
EN adderpc4_imm NULL C:/Users/George/Desktop/Lab2/AdderPC4_Imm.vhd sub00/vhpl68 1431874026
EN register2bit NULL C:/Users/George/Desktop/Lab2/register2bit.vhd sub00/vhpl86 1431874054
EN memstage NULL C:/Users/George/Desktop/Lab2/MEMSTAGE.vhd sub00/vhpl60 1431874046
AR forward behavioral C:/Users/George/Desktop/Lab2/forward.vhd sub00/vhpl95 1431874061
AR generate_propagate_unit behavioral C:/Users/George/Desktop/Lab2/Generate_Propagate_Unit.vhd sub00/vhpl21 1431873975
EN data_mem NULL C:/Users/George/Desktop/Lab2/Data_MEM.vhd sub00/vhpl58 1431874022
AR dec5to32 behavioral C:/Users/George/Desktop/Lab2/Dec5to32.vhd sub00/vhpl01 1431873983
EN register32bit NULL C:/Users/George/Desktop/Lab2/Register32bit.vhd sub00/vhpl04 1431873986
AR register32bit behavioral C:/Users/George/Desktop/Lab2/Register32bit.vhd sub00/vhpl05 1431873987
AR or_unit behavioral C:/Users/George/Desktop/Lab2/Or_Unit.vhd sub00/vhpl33 1431874001
EN and_unit NULL C:/Users/George/Desktop/Lab2/And_Unit.vhd sub00/vhpl02 1431873984
EN ifstage NULL C:/Users/George/Desktop/Lab2/IFSTAGE.vhd sub00/vhpl72 1431874044
AR overflow_unit behavioral C:/Users/George/Desktop/Lab2/Overflow_Unit.vhd sub00/vhpl49 1431874017
AR mux3to1 behavioral C:/Users/George/Desktop/Lab2/Mux3to1.vhd sub00/vhpl63 1431874031
EN register_file NULL C:/Users/George/Desktop/Lab2/Register_File.vhd sub00/vhpl16 1431874036
AR and32_unit behavioral C:/Users/George/Desktop/Lab2/And32_Unit.vhd sub00/vhpl65 1431873999
AR sr_unit behavioral C:/Users/George/Desktop/Lab2/Sr_Unit.vhd sub00/vhpl39 1431874007
EN alu_top NULL C:/Users/George/Desktop/Lab2/Alu_Top.vhd sub00/vhpl54 1431874038
EN generate_propagate_unit NULL C:/Users/George/Desktop/Lab2/Generate_Propagate_Unit.vhd sub00/vhpl20 1431873974
EN add32bit_unit NULL C:/Users/George/Desktop/Lab2/Add32bit_Unit.vhd sub00/vhpl28 1431873994
EN zero NULL C:/Users/George/Desktop/Lab2/Zero.vhd sub00/vhpl74 1427300482
AR alustage behavioral C:/Users/George/Desktop/Lab2/ALUSTAGE.vhd sub00/vhpl57 1431874041
AR register4bit behavioral C:/Users/George/Desktop/Lab2/register4bit.vhd sub00/vhpl89 1431874057
EN register4bit NULL C:/Users/George/Desktop/Lab2/register4bit.vhd sub00/vhpl88 1431874056
EN overflow_unit NULL C:/Users/George/Desktop/Lab2/Overflow_Unit.vhd sub00/vhpl48 1431874016
EN mux3to1 NULL C:/Users/George/Desktop/Lab2/Mux3to1.vhd sub00/vhpl62 1431874030
AR mux2to1_5bit behavioral C:/Users/George/Desktop/Lab2/Mux2to1_5bit.vhd sub00/vhpl13 1431874033
EN control NULL C:/Users/George/Desktop/Lab2/CONTROL.vhd sub00/vhpl78 1427883699
EN register1bit NULL C:/Users/George/Desktop/Lab2/register1bit.vhd sub00/vhpl92 1431874052
AR sum_unit behavioral C:/Users/George/Desktop/Lab2/Sum_Unit.vhd sub00/vhpl25 1431873979
AR rl_unit behavioral C:/Users/George/Desktop/Lab2/Rl_Unit.vhd sub00/vhpl43 1431874011
EN cout_unit NULL C:/Users/George/Desktop/Lab2/Cout_Unit.vhd sub00/vhpl46 1431874014
EN dec5to32 NULL C:/Users/George/Desktop/Lab2/Dec5to32.vhd sub00/vhpl00 1431873982
AR register1bit behavioral C:/Users/George/Desktop/Lab2/register1bit.vhd sub00/vhpl93 1431874053
AR alu_top behavioral C:/Users/George/Desktop/Lab2/Alu_Top.vhd sub00/vhpl55 1431874039
EN not_unit NULL C:/Users/George/Desktop/Lab2/Not_Unit.vhd sub00/vhpl34 1431874002
EN alu_unit NULL C:/Users/George/Desktop/Lab2/Alu_Unit.vhd sub00/vhpl50 1431874018
AR data_mem syn C:/Users/George/Desktop/Lab2/Data_MEM.vhd sub00/vhpl59 1431874023
AR control behavioral C:/Users/George/Desktop/Lab2/CONTROL.vhd sub00/vhpl79 1427883700
EN zerofill NULL C:/Users/George/Desktop/Lab2/Zero.vhd sub00/vhpl82 1431874048
AR memstage behavioral C:/Users/George/Desktop/Lab2/MEMSTAGE.vhd sub00/vhpl61 1431874047
AR mux32to1 behavioral C:/Users/George/Desktop/Lab2/Mux32to1.vhd sub00/vhpl07 1431873989
AR datapath behavioral C:/Users/George/Desktop/Lab2/DATAPATH.vhd sub00/vhpl77 1431874063
EN mux2to1_5bit NULL C:/Users/George/Desktop/Lab2/Mux2to1_5bit.vhd sub00/vhpl12 1431874032
AR add4bit_unit behavioral C:/Users/George/Desktop/Lab2/Add4bit_Unit.vhd sub00/vhpl27 1431873981
AR sra_unit behavioral C:/Users/George/Desktop/Lab2/Sra_Unit.vhd sub00/vhpl37 1431874005
EN sl_unit NULL C:/Users/George/Desktop/Lab2/Sl_Unit.vhd sub00/vhpl40 1431874008
AR register5bit behavioral C:/Users/George/Desktop/Lab2/register5bit.vhd sub00/vhpl91 1431874059
AR adderpc4 behavioral C:/Users/George/Desktop/Lab2/AdderPC4.vhd sub00/vhpl67 1431874025
EN rl_unit NULL C:/Users/George/Desktop/Lab2/Rl_Unit.vhd sub00/vhpl42 1431874010
AR zerofill behavioral C:/Users/George/Desktop/Lab2/Zero.vhd sub00/vhpl83 1431874049
AR cout_unit behavioral C:/Users/George/Desktop/Lab2/Cout_Unit.vhd sub00/vhpl47 1431874015
AR if_mem syn C:/Users/George/Desktop/Lab2/IF_MEM.vhd sub00/vhpl71 1431874029
